// Jest Snapshot v1, https://goo.gl/fbAQLP

exports[`is an App 1`] = `
<div
  id="app"
>
  <h1>
    Netscrape
  </h1>
  <div
    id="searchBarDiv"
  >
    <div
      id="search-bar"
    >
      <div
        className="MuiFormControl-root MuiTextField-root MuiFormControl-fullWidth"
        onKeyPress={[Function]}
      >
        <label
          className="MuiFormLabel-root MuiInputLabel-root MuiInputLabel-formControl MuiInputLabel-animated MuiInputLabel-outlined"
          data-shrink={false}
        >
          Search movies and TV shows on Netflix
        </label>
        <div
          className="MuiInputBase-root MuiOutlinedInput-root MuiInputBase-fullWidth MuiInputBase-formControl"
          onClick={[Function]}
        >
          <input
            aria-invalid={false}
            autoFocus={false}
            className="MuiInputBase-input MuiOutlinedInput-input"
            disabled={false}
            onAnimationStart={[Function]}
            onBlur={[Function]}
            onChange={[Function]}
            onFocus={[Function]}
            required={false}
            type="text"
          />
          <fieldset
            aria-hidden={true}
            className="PrivateNotchedOutline-root-1 MuiOutlinedInput-notchedOutline"
          >
            <legend
              className="PrivateNotchedOutline-legendLabelled-3"
            >
              <span>
                Search movies and TV shows on Netflix
              </span>
            </legend>
          </fieldset>
        </div>
      </div>
    </div>
  </div>
  <div
    className="container"
  >
    <div
      className="mainContent"
    >
      <div
        className="searchResultList"
      />
    </div>
    <div
      className="rightSideBar"
    >
      <h2>
        Top Rated Movies
      </h2>
    </div>
    <div
      className="footer"
    />
  </div>
</div>
`;
